1
 
 
 
 
                      Warning: This computer program is protected by copyright law and international treaties.       
                  Unauthorized use, reproduction or distribution of this computer program, or any portion of it, may 
                                          result in severe civil and criminal penalties.                             
                         Copyright (C) 2023 Hexagon AB and/or its subsidiaries. All rights reserved.                 
 
 
                                              * * * * * * * * * * * * * * * * * * * *
                                              * * * * * * * * * * * * * * * * * * * *
                                              * *                                 * *
                                              * *           Hexagon AB            * *
                                              * *                                 * *
                                              * *                                 * *
                                              * *      M S C   N a s t r a n      * *
                                              * *                                 * *
                                              * *                                 * *
                                              * *                                 * *
                                              * *     Version 2023.3-CL927167     * *
                                              * *                                 * *
                                              * *                                 * *
                                              * *                                 * *
                                              * *          SEP 18, 2023           * *
                                              * *                                 * *
                                              * *              Intel              * *
                                              * *MODEL Intel(R) Core(TM) i9-10940 * *
                                              * * Windows 10 Enterprise 6.2 9200  * *
                                              * * Compiled for 8664 (SINGLE Mode) * *
                                              * *                                 * *
                                              * * * * * * * * * * * * * * * * * * * *
                                              * * * * * * * * * * * * * * * * * * * *
1News file
  
               Welcome to MSC Nastran 2023.3
  
   MSC Nastran brings powerful new features and enhancements for engineering
   solutions in several releases through the year. Key enhancements in
   Version 2023.3 are summarized below. Addtional details can be found in
   the MSC Nastran Version 2023.3 Release Guide.
  
  
     MSC Nastran 2023.3 Features and Enhancements
  
     High Performance Computing
     - Nastran BUFFSIZE default changed from 32769 to 65537 for improved
       I/O performance
     - Automatic Buffer Pool (BPOOL) allocation when "mem=" is set to a
       value (e.g. 32gb), for this case 10% of the memory is allocated
       to buffer pool
     - Default value for ACMS parameter MDOPT14 changed to YES for improved
       domain decomposition process
     - New features for "solve=auto" (automatic solver selection)
        - New "acms={yes|no}" keyword to selet/de-select ACMS
          Set "solve=auto acms=no" to de-select ACMS
          Set "solve=auto acms=yes" to select ACMS
        - New "norun={yes|no}" keyword to print automatically generated command
          line options (default: no) and terminate job excution
          Set "solve=auto norun=yes" print automatically generated command line,
          and halt prior to job execution
  
     Documentation
     - The complete documentation set is provided in a separate installer and
       when installed is available at: MSC_DOC_DIR/doc/pdf_nastran directory,
       where MSC_DOC_DIR is the directory where documentation was installed.
       This help set includes cross references between documents, and links to
       how-to videos, and example files
  
     Individual MSC Nastran documents are available for download from the
       Simcompanion Website at:
       http://simcompanion.hexagon.com/
  
     These documentation set includes the following:
  
         1.  MSC Nastran 2023.3 Installation and Operations Guide
         2.  MSC Nastran 2023.3 Quick Reference Guide
         3.  MSC Nastran 2023.3 Release Guide
         4.  MSC Nastran 2023.3 Linear Statics Analysis User's Guide
         5.  MSC Nastran 2023.3 Dynamic Analysis User's Guide
         6.  MSC Nastran 2023.3 Superelements User's Guide
         7.  MSC Nastran 2023.3 Rotordynamics User's Guide
         8.  MSC Nastran 2023.3 Demonstration Problems Manual
1        9.  MSC Nastran 2023.3 Nastran Embedded Fatigue User's Guide
        10.  MSC Nastran 2023.3 Design Sensitivity and Optimization
        11.  MSC Nastran 2023.3 Nonlinear User's Guide SOL 400
        12.  MSC Nastran 2023.3 DMAP Programmer's Guide
        13.  MSC Nastran 2023.3 High Performance Computing User's Guide
        14.  MSC Nastran 2023.3 New Verification Manual
        15.  MSC Nastran 2023.3 DEMATD Guide
        16.  MSC Nastran 2023.3 Explicit Nonlinear (SOL 700) User's Guide
        17.  MSC Nastran 2023.3 ACMS User's Guide
  
   Please refer to  MSC_DOC_DIR/doc/pdf_nastran/nastran_library.pdf
   for the complete document set:
  
  
   Additional information about the release can be found at the MSC Nastran
   Product Support page: http://simcompanion.hexagon.com
  
   The support page provides links to these valuable information:
      * A searchable Knowledge Base containing examples and answers to thousands
        of frequently asked questions written by MSC Software subject-matter
        experts.
      * Peer-to-peer Discussion Forums enabling you to post questions for your
        MSC Software products and receive answers from other users worldwide.
      * A list of known issues with the product and any workarounds.
      * Instructions on how to contact technical support
      * A mechanism for sending us product feedback or enhancement requests.
      * Hardware and software requirements.
      * Examples and Tutorials
      * and much more.
  
   For information on training, please visit our Training web site
  
      https://www.mscsoftware.com/msc-training
  
1                                                                         SEPTEMBER  11, 2026  MSC Nastran  9/18/23   PAGE     1
                                                                                                                                    
0        N A S T R A N    F I L E    A N D    S Y S T E M    P A R A M E T E R    E C H O                                           
0                                                                                                                                   
                                                                                                                                    
                                                                                                                                    
     $ SYSFIELD=SCR*(RAW=YES,BUFFIO=YES,WNUM=16,WSIZE=16MB) $(C:/MSC.SOFTWARE/MSC_NAS
     $ SYSFIELD=DBALL(RAW=YES,BUFFIO=YES,WNUM=16,WSIZE=16MB) $(C:/MSC.SOFTWARE/MSC_NA
     NASTRAN BUFFSIZE=65537 $(C:/MSC.SOFTWARE/MSC_NASTRAN/2023.3/CONF/NAST20233.RCF[6
     $ MSC.NASTRAN INPUT FILE CREATED ON MARCH     19, 2025 AT 15:29:50 BY           
     $ PATRAN 2024.2                                                                 
     $ DIRECT TEXT INPUT FOR NASTRAN SYSTEM CELL SECTION                             
     $ DIRECT TEXT INPUT FOR FILE MANAGEMENT SECTION                                 
     $ DIRECT TEXT INPUT FOR EXECUTIVE CONTROL                                       
     $ NORMAL MODES ANALYSIS, DATABASE                                               
1                                                                         SEPTEMBER  11, 2026  MSC Nastran  9/18/23   PAGE     2
                                                                                                                                    
0        N A S T R A N    E X E C U T I V E    C O N T R O L    E C H O                                                             
0                                                                                                                                   
                                                                                                                                    
                                                                                                                                    
     SOL 103                                                                                 
     CEND                                                                                    
1    MSC.NASTRAN JOB CREATED ON 19-MAR-25 AT 15:29:33                     SEPTEMBER  11, 2026  MSC Nastran  9/18/23   PAGE     3
                                                                                                                                    
0                                                                                                                                   
0                                        C A S E    C O N T R O L    E C H O                                                        
                 COMMAND                                                                                                            
                 COUNT                                                                                                              
                  1      $ DIRECT TEXT INPUT FOR GLOBAL CASE CONTROL DATA                                        
                  2      TITLE = MSC.NASTRAN JOB CREATED ON 19-MAR-25 AT 15:29:33                                
                  3      ECHO = NONE                                                                             
                  4      $ USING NASTRAN DEFAULT VALUES FOR RESVEC                                               
                  5      SUBCASE 1                                                                               
                  6      $ SUBCASE NAME : DEFAULT                                                                
                  7         SUBTITLE=DEFAULT                                                                     
                  8         METHOD = 1                                                                           
                  9       $  SPC = 2                                                                             
                 10         VECTOR(SORT1,REAL,PUNCH)=ALL                                                         
                 11         SPCFORCES(SORT1,REAL)=ALL                                                            
                 12      BEGIN BULK                                                                              
1    MSC.NASTRAN JOB CREATED ON 19-MAR-25 AT 15:29:33                     SEPTEMBER  11, 2026  MSC Nastran  9/18/23   PAGE     4
                                                                                                                                    
0                                                                                                                                   
                                              I N P U T   B U L K   D A T A   E C H O                                               
                 ENTRY                                                                                                              
                 COUNT        .   1  ..   2  ..   3  ..   4  ..   5  ..   6  ..   7  ..   8  ..   9  ..  10  .                      
                              $INCLUDE "M:\c_users_wzhao_documents\GitHub\Pixel-to-Mesh-VAT-Model\examples\experiment_tow_overlap\NASTRAN_Z0_MIN_analysis_SOL103_VAT_TowpregWiseModel_FFFF_x_400_y_300\PCOMP.DAT"
                              $END OF INCLUDE "M:\c_users_wzhao_documents\GitHub\Pixel-to-Mesh-VAT-Model\examples\experiment_tow_overlap\NASTRAN_Z0_MIN_analysis_SOL103_VAT_TowpregWiseModel_FFFF_x_400_y_300\PCOMP.DAT"
                              $INCLUDE "M:\c_users_wzhao_documents\GitHub\Pixel-to-Mesh-VAT-Model\examples\experiment_tow_overlap\NASTRAN_Z0_MIN_analysis_SOL103_VAT_TowpregWiseModel_FFFF_x_400_y_300\CQUAD4.DAT"
                              $END OF INCLUDE "M:\c_users_wzhao_documents\GitHub\Pixel-to-Mesh-VAT-Model\examples\experiment_tow_overlap\NASTRAN_Z0_MIN_analysis_SOL103_VAT_TowpregWiseModel_FFFF_x_400_y_300\CQUAD4.DAT"
                              $INCLUDE "M:\c_users_wzhao_documents\GitHub\Pixel-to-Mesh-VAT-Model\examples\experiment_tow_overlap\NASTRAN_Z0_MIN_analysis_SOL103_VAT_TowpregWiseModel_FFFF_x_400_y_300\GRID.DAT"
                              $END OF INCLUDE "M:\c_users_wzhao_documents\GitHub\Pixel-to-Mesh-VAT-Model\examples\experiment_tow_overlap\NASTRAN_Z0_MIN_analysis_SOL103_VAT_TowpregWiseModel_FFFF_x_400_y_300\GRID.DAT"
1    MSC.NASTRAN JOB CREATED ON 19-MAR-25 AT 15:29:33                     SEPTEMBER  11, 2026  MSC Nastran  9/18/23   PAGE     5
                                                                                                                                    
0                                                                                                                                   
                                        M O D E L   S U M M A R Y          BULK = 0
                                   ENTRY NAME        NUMBER OF ENTRIES
                                   ----------        -----------------
                                       CQUAD4                   120000
                                        EIGRL                        1
                                         GRID                   120701
                                      HDF5OUT                        1
                                         MAT8                        2
                                        PARAM                        2
                                        PCOMP                   120000

 ^^^     
 ^^^ >>> IFP OPERATIONS COMPLETE <<< 
 ^^^     
 *** USER INFORMATION MESSAGE 3 (crdb::nastran::Processor::writeInput)
 *** USER INFORMATION MESSAGE  (WRITE DATA BLOCK I4 PVT, TRAILER[101, 9, 0, 0, 0, 0, 0])
 *** USER INFORMATION MESSAGE 3 (crdb::nastran::Processor::writeInput)
 *** USER INFORMATION MESSAGE  (WRITE DATA BLOCK I4 CASECC, TRAILER[102, 1, 0, 1000, 0, 0, 0])
 *** USER INFORMATION MESSAGE 3 (crdb::nastran::Processor::writeInput)
 *** USER INFORMATION MESSAGE  (WRITE DATA BLOCK I4 GEOM1Q, TRAILER[101, 0, 0, 8, 0, 0, 0])
 *** USER INFORMATION MESSAGE 3 (crdb::nastran::Processor::writeInput)
 *** USER INFORMATION MESSAGE  (WRITE DATA BLOCK I4 EPT, TRAILER[101, 0, 544, 0, 0, 0, 0])
 *** USER INFORMATION MESSAGE 3 (crdb::nastran::Processor::writeInput)
 *** USER INFORMATION MESSAGE  (WRITE DATA BLOCK I4 MPT, TRAILER[102, 16384, 128, 0, 0, 0, 0])
 *** USER INFORMATION MESSAGE 3 (crdb::nastran::Processor::writeInput)
 *** USER INFORMATION MESSAGE  (WRITE DATA BLOCK I4 GEOM2, TRAILER[103, 0, 0, 0, 8192, 0, 0])
 *** USER INFORMATION MESSAGE 3 (crdb::nastran::Processor::writeInput)
 *** USER INFORMATION MESSAGE  (WRITE DATA BLOCK I4 GEOM1, TRAILER[101, 0, 0, 8, 0, 0, 0])
 *** USER INFORMATION MESSAGE 3 (crdb::nastran::Processor::writeInput)
 *** USER INFORMATION MESSAGE  (WRITE DATA BLOCK I4 DYNAMIC, TRAILER[102, 256, 0, 0, 0, 0, 0])
 *** USER INFORMATION MESSAGE 3 (crdb::nastran::Processor::writeInput)
 *** USER INFORMATION MESSAGE  (WRITE DATA BLOCK I4 EDT, TRAILER[103, 0, 0, 524288, 0, 0, 0])
1    MSC.NASTRAN JOB CREATED ON 19-MAR-25 AT 15:29:33                     SEPTEMBER  11, 2026  MSC Nastran  9/18/23   PAGE     6
                                                                                                                                    
0                                                                                                                                   
                           O U T P U T   F R O M   G R I D   P O I N T   W E I G H T   G E N E R A T O R
0                                                     REFERENCE POINT =        0
                                                                M O
                      *  3.542767E-01  0.000000E+00  0.000000E+00  0.000000E+00  0.000000E+00 -5.314109E-02 *
                      *  0.000000E+00  3.542767E-01  0.000000E+00  0.000000E+00  0.000000E+00  7.085205E-02 *
                      *  0.000000E+00  0.000000E+00  3.542767E-01  5.314109E-02 -7.085205E-02  0.000000E+00 *
                      *  0.000000E+00  0.000000E+00  5.314109E-02  1.062925E-02 -1.062775E-02  0.000000E+00 *
                      *  0.000000E+00  0.000000E+00 -7.085205E-02 -1.062775E-02  1.877231E-02  0.000000E+00 *
                      * -5.314109E-02  7.085205E-02  0.000000E+00  0.000000E+00  0.000000E+00  2.940156E-02 *
                                                                 S
                                           *  1.000000E+00  0.000000E+00  0.000000E+00 *
                                           *  0.000000E+00  1.000000E+00  0.000000E+00 *
                                           *  0.000000E+00  0.000000E+00  1.000000E+00 *
                               DIRECTION
                          MASS AXIS SYSTEM (S)     MASS              X-C.G.        Y-C.G.        Z-C.G.
                                  X            3.542767E-01      0.000000E+00  1.499988E-01  0.000000E+00
                                  Y            3.542767E-01      1.999907E-01  0.000000E+00  0.000000E+00
                                  Z            3.542767E-01      1.999907E-01  1.499988E-01  0.000000E+00
                                                                I(S)
                                           *  2.658147E-03  3.073212E-08  0.000000E+00 *
                                           *  3.073212E-08  4.602559E-03  0.000000E+00 *
                                           *  0.000000E+00  0.000000E+00  7.260706E-03 *
                                                                I(Q)
                                           *  2.658147E-03                             *
                                           *                4.602559E-03               *
                                           *                              7.260706E-03 *
                                                                 Q
                                           *  1.000000E+00  0.000000E+00  0.000000E+00 *
                                           *  0.000000E+00  1.000000E+00  0.000000E+00 *
                                           *  0.000000E+00  0.000000E+00  1.000000E+00 *

1    MSC.NASTRAN JOB CREATED ON 19-MAR-25 AT 15:29:33                     SEPTEMBER  11, 2026  MSC Nastran  9/18/23   PAGE     7
                                                                                                                                    
0                                                                                                                                   
 *** USER INFORMATION MESSAGE 3 (crdb::nastran::Processor::writeOutput)
 *** USER INFORMATION MESSAGE  (WRITE DATA BLOCK I4 OGPWG, TRAILER[101, 0, 0, 0, 0, 0, 1])
1    MSC.NASTRAN JOB CREATED ON 19-MAR-25 AT 15:29:33                     SEPTEMBER  11, 2026  MSC Nastran  9/18/23   PAGE     8
                                                                                                                                    
0                                                                                                                                   
0 RESULTANTS ABOUT ORIGIN OF SUPERELEMENT BASIC COORDINATE SYSTEM IN SUPERELEMENT BASIC SYSTEM COORDINATES.

0                                                  OLOAD    RESULTANT       
  SUBCASE/    LOAD
  DAREA ID    TYPE       T1            T2            T3            R1            R2            R3
0        1     FX    0.000000E+00     ----          ----          ----       0.000000E+00  0.000000E+00                             
               FY       ----       0.000000E+00     ----       0.000000E+00     ----       0.000000E+00                             
               FZ       ----          ----       0.000000E+00  0.000000E+00  0.000000E+00     ----                                  
               MX       ----          ----          ----       0.000000E+00     ----          ----                                  
               MY       ----          ----          ----          ----       0.000000E+00     ----                                  
               MZ       ----          ----          ----          ----          ----       0.000000E+00                             
             TOTALS  0.000000E+00  0.000000E+00  0.000000E+00  0.000000E+00  0.000000E+00  0.000000E+00
 *** USER INFORMATION MESSAGE 5010 (LNCILS)
     STURM SEQUENCE DATA FOR EIGENVALUE EXTRACTION.
     TRIAL EIGENVALUE = 4.402250D+04, CYCLES = 3.339316D+01 THE STURM COUNT = 6
 *** USER INFORMATION MESSAGE 5010 (LNCILS)
     STURM SEQUENCE DATA FOR EIGENVALUE EXTRACTION.
     TRIAL EIGENVALUE = 8.708473D+06, CYCLES = 4.696682D+02 THE STURM COUNT = 20

 TABLE OF SHIFTS:  (LNNRIGL)
 SHIFT #        SHIFT VALUE         FREQUENCY, CYCLES     # EIGENVALUES BELOW    # NEW EIGENVALUES FOUND
     1.        4.4022498E+04          3.3393157E+01                 6                       20
     2.        8.7084730E+06          4.6966818E+02                20                        0

1    MSC.NASTRAN JOB CREATED ON 19-MAR-25 AT 15:29:33                     SEPTEMBER  11, 2026  MSC Nastran  9/18/23   PAGE     9
                                                                                                                                    
0                                                                                                            SUBCASE 1              
0


                          E I G E N V A L U E  A N A L Y S I S   S U M M A R Y   (READ MODULE) 



                                     BLOCK SIZE USED ......................     7

                                     NUMBER OF DECOMPOSITIONS .............     2

                                     NUMBER OF ROOTS FOUND ................    20

                                     NUMBER OF SOLVES REQUIRED ............    10

1    MSC.NASTRAN JOB CREATED ON 19-MAR-25 AT 15:29:33                     SEPTEMBER  11, 2026  MSC Nastran  9/18/23   PAGE    10
                                                                                                                                    
0                                                                                                            SUBCASE 1              
 
                                              R E A L   E I G E N V A L U E S
   MODE    EXTRACTION      EIGENVALUE            RADIANS             CYCLES            GENERALIZED         GENERALIZED
    NO.       ORDER                                                                       MASS              STIFFNESS
        1         1       -2.077334E-04        1.441296E-02        2.293894E-03        1.000000E+00       -2.077334E-04
        2         2        5.444577E-06        2.333362E-03        3.713661E-04        1.000000E+00        5.444577E-06
        3         3        2.110298E-05        4.593798E-03        7.311257E-04        1.000000E+00        2.110298E-05
        4         4        3.101350E-05        5.568977E-03        8.863302E-04        1.000000E+00        3.101350E-05
        5         5        3.557024E-05        5.964079E-03        9.492126E-04        1.000000E+00        3.557024E-05
        6         6        2.333568E-04        1.527602E-02        2.431254E-03        1.000000E+00        2.333568E-04
        7         7        1.141110E+05        3.378032E+02        5.376306E+01        1.000000E+00        1.141110E+05
        8         8        1.176210E+05        3.429592E+02        5.458366E+01        1.000000E+00        1.176210E+05
        9         9        3.853324E+05        6.207515E+02        9.879567E+01        1.000000E+00        3.853324E+05
       10        10        5.567850E+05        7.461803E+02        1.187583E+02        1.000000E+00        5.567850E+05
       11        11        6.500513E+05        8.062576E+02        1.283199E+02        1.000000E+00        6.500513E+05
       12        12        1.198228E+06        1.094636E+03        1.742167E+02        1.000000E+00        1.198228E+06
       13        13        1.876534E+06        1.369867E+03        2.180210E+02        1.000000E+00        1.876534E+06
       14        14        2.034830E+06        1.426475E+03        2.270305E+02        1.000000E+00        2.034830E+06
       15        15        2.822474E+06        1.680022E+03        2.673838E+02        1.000000E+00        2.822474E+06
       16        16        3.697095E+06        1.922783E+03        3.060204E+02        1.000000E+00        3.697095E+06
       17        17        4.230428E+06        2.056801E+03        3.273500E+02        1.000000E+00        4.230428E+06
       18        18        4.842349E+06        2.200534E+03        3.502258E+02        1.000000E+00        4.842349E+06
       19        19        5.314648E+06        2.305352E+03        3.669082E+02        1.000000E+00        5.314648E+06
       20        20        6.849967E+06        2.617244E+03        4.165473E+02        1.000000E+00        6.849967E+06
1    MSC.NASTRAN JOB CREATED ON 19-MAR-25 AT 15:29:33                     SEPTEMBER  11, 2026  MSC Nastran  9/18/23   PAGE    11
                                                                                                                                    
0                                                                                                            SUBCASE 1              
0                                                  MAXIMUM  DISPLACEMENTS   
  SUBCASE/
  DAREA ID        T1             T2             T3             R1             R2             R3
0        1   1.0510824E+00  2.3181656E+00  2.1324428E-02  1.1098473E-01  2.1231741E-02  4.0234972E+00
0        2   1.4910751E-02  1.9567036E-02  3.6043199E+00  4.9730866E+00  1.4246688E+01  7.2791620E-02
0        3   6.5698003E-02  8.0601032E-02  3.9300543E+00  1.7596449E+01  3.5793981E+00  3.3954000E-01
0        4   1.7844529E+00  2.7951326E+00  1.0062523E-01  6.3766164E-01  2.0800829E-02  1.0789540E+01
0        5   2.3041255E-02  2.7839517E-02  2.7879930E+00  6.4348190E+00  1.2203701E+00  1.2011192E-01
0        6   1.9458240E+00  8.0146907E-01  1.6321411E-02  9.7155312E-02  6.7297923E-03  2.2338142E+00
0        7   3.3432239E-02  3.2306558E-02  4.4383926E+00  4.2195934E+01  3.0114890E+01  1.7288773E-01
0        8   1.6482975E-02  4.8821744E-02  3.8344409E+00  5.5132335E+01  1.6499599E+01  1.3796332E-01
0        9   4.2738494E-02  2.3631165E-02  5.1103807E+00  2.6666083E+01  4.4287492E+01  2.1765139E-01
0       10   5.7122269E-02  7.1126968E-02  6.5926568E+00  7.5992321E+01  5.8739885E+01  3.9928005E-01
0       11   4.9710224E-02  7.6990150E-02  5.2401425E+00  7.7872632E+01  5.0213240E+01  4.7788942E-01
0       12   3.3249069E-02  8.0469233E-02  6.2440710E+00  1.1115809E+02  3.2341850E+01  3.5939756E-01
0       13   7.6078861E-02  1.1074330E-01  7.6850161E+00  1.4011478E+02  6.9729120E+01  9.3527676E-01
0       14   6.3560890E-02  1.2200461E-01  5.7232568E+00  1.3475241E+02  5.1605023E+01  8.7108744E-01
0       15   7.0138404E-02  4.4572887E-02  4.3737175E+00  4.7461039E+01  7.6795722E+01  6.6828120E-01
0       16   8.5028641E-02  9.2269684E-02  6.0466732E+00  9.2593020E+01  1.0152836E+02  8.4829985E-01
0       17   4.7549792E-02  1.5857857E-01  7.0767349E+00  1.7767004E+02  5.0522333E+01  6.4361905E-01
0       18   8.0928305E-02  1.7116973E-01  7.6735104E+00  1.8812893E+02  8.5808121E+01  1.3628080E+00
0       19   6.7223365E-02  1.6212205E-01  6.2279837E+00  1.8057605E+02  7.4448037E+01  1.3586201E+00
0       20   9.3852897E-02  1.4809237E-01  6.8617963E+00  1.6332280E+02  1.0134539E+02  1.4985926E+00
 *** USER INFORMATION MESSAGE 3 (crdb::nastran::Processor::writeOutput)
 *** USER INFORMATION MESSAGE  (WRITE DATA BLOCK I4 OLAMA, TRAILER[101, 20, 0, 0, 0, 0, 0])
 *** USER INFORMATION MESSAGE 3 (crdb::nastran::Processor::writeOutput)
 *** USER INFORMATION MESSAGE  (WRITE DATA BLOCK I4 OUG1, TRAILER[101, 0, 19312160, 0, 0, 0, 4])
1    MSC.NASTRAN JOB CREATED ON 19-MAR-25 AT 15:29:33                     SEPTEMBER  11, 2026  MSC Nastran  9/18/23   PAGE    12
                                                                                                                                    
0                                                                                                            SUBCASE 1              
 * * * *  D B D I C T   P R I N T  * * * *      SUBDMAP = PRTSUM  ,  DMAP STATEMENT NO.     74



0                                   * * * *  A N A L Y S I S  S U M M A R Y  T A B L E  * * * *
0 SEID  PEID PROJ VERS APRCH      SEMG SEMR SEKR SELG SELR MODES DYNRED SOLLIN SOLNL LOOPID DESIGN CYCLE SENSITIVITY
 -------------------------------------------------------------------------------------------------------------------
     0     0    1    1 '        '    T    T    T    T    T     T      F      T     F     -1            0           F
0SEID = SUPERELEMENT ID.
 PEID = PRIMARY SUPERELEMENT ID OF IMAGE SUPERELEMENT.
 PROJ = PROJECT ID NUMBER.
 VERS = VERSION ID.
 APRCH = BLANK FOR STRUCTURAL ANALYSIS.  HEAT FOR HEAT TRANSFER ANALYSIS.
 SEMG = STIFFNESS AND MASS MATRIX GENERATION STEP.
 SEMR = MASS MATRIX REDUCTION STEP (INCLUDES EIGENVALUE SOLUTION FOR MODES).
 SEKR = STIFFNESS MATRIX REDUCTION STEP.
 SELG = LOAD MATRIX GENERATION STEP.
 SELR = LOAD MATRIX REDUCTION STEP. 
 MODES = T (TRUE) IF NORMAL MODES OR BUCKLING MODES CALCULATED.
 DYNRED = T (TRUE) MEANS GENERALIZED DYNAMIC AND/OR COMPONENT MODE REDUCTION PERFORMED.
 SOLLIN = T (TRUE) IF LINEAR SOLUTION EXISTS IN DATABASE.
 LOOPID = THE LAST LOOPID VALUE USED IN THE NONLINEAR ANALYSIS.  USEFUL FOR RESTARTS.
 SOLNL = T (TRUE) IF NONLINEAR SOLUTION EXISTS IN DATABASE.
 DESIGN CYCLE = THE LAST DESIGN CYCLE (ONLY VALID IN OPTIMIZATION).
 SENSITIVITY = SENSITIVITY MATRIX GENERATION FLAG.
 
 No PARAM values were set in the Control File.
 
1                                        * * * END OF JOB * * *
 
 
 No Symbolic Replacement variables or values were specified.

